[indoinvite.com/s/1369801/undangan/indexbcb8.html]
[backblue.gif]
[fade.gif]
[index.html]
[indoinvite.com/images/favicon_indoinvite/apple-touch-icon.png]
[indoinvite.com/images/favicon_indoinvite/favicon-32x32.png]
[indoinvite.com/images/favicon_indoinvite/favicon-16x16.png]
[indoinvite.com/nikah/js/modernizr-2.6.2.min.js]
[indoinvite.com/nikah/template/simple/simple-minang/SM-Atas.jpg]
[indoinvite.com/nikah/template/simple/simple-minang/SM-BG.jpg]
[indoinvite.com/nikah/template/customs/customs-minang/CMN-Atas.png]
[indoinvite.com/nikah/template/simple/simple-minang/SM-Shape3.jpg]
[indoinvite.com/nikah/template/customs/customs-minang/CMN-Bawah1.png]
[indoinvite.com/nikah/template/customs/customs-minang/CMN-Atas1.png]
[indoinvite.com/nikah/template/simple/simple-minang/SM-BGA.jpg]
[indoinvite.com/nikah/template/simple/simple-minang/SM-BGB.jpg]
[indoinvite.com/nikah/template/simple/simple-minang/SM-Kain.jpg]
[indoinvite.com/nikah/template/customs/customs-minang/CMN-Awal.png]
[media.indoinvite.com/2db3bf1e16cd47a08843bb881e39cce7_indoinvite-staging/indoinvite-staging/indoinvite-staging/nikah/template/beautiful-white/patern.jpg]
[indoinvite.com/nikah/template/bee-classic/EB 1.jpg]
[indoinvite.com/nikah/liputan6.png]
[indoinvite.com/nikah/merdeka.png]
[indoinvite.com/nikah/kontan.png]
[media.indoinvite.com/2db3bf1e16cd47a08843bb881e39cce7_indoinvite-staging/indoinvite-staging/indoinvite-staging/nikah/post/1677573572sampul_produk.jpg]
[media.indoinvite.com/2db3bf1e16cd47a08843bb881e39cce7_indoinvite-staging/indoinvite-staging/indoinvite-staging/nikah/upload/produk/1721028143sampul_produk.jpg]
[media.indoinvite.com/2db3bf1e16cd47a08843bb881e39cce7_indoinvite-staging/indoinvite-staging/indoinvite-staging/nikah/post/1677380897sampul_produk.jpg]
[media.indoinvite.com/2db3bf1e16cd47a08843bb881e39cce7_indoinvite-staging/indoinvite-staging/indoinvite-staging/nikah/upload/produk/1705988109sampul_produk.jpg]
[media.indoinvite.com/2db3bf1e16cd47a08843bb881e39cce7_indoinvite-staging/indoinvite-staging/indoinvite-staging/nikah/post/1677379838sampul_produk.jpg]
[media.indoinvite.com/2db3bf1e16cd47a08843bb881e39cce7_indoinvite-staging/indoinvite-staging/indoinvite-staging/nikah/upload/produk/1699627968sampul_produk.2c.delayed]
[media.indoinvite.com/2db3bf1e16cd47a08843bb881e39cce7_indoinvite-staging/indoinvite-staging/indoinvite-staging/nikah/upload/produk/1705986798sampul_produk.jpg]
[media.indoinvite.com/2db3bf1e16cd47a08843bb881e39cce7_indoinvite-staging/indoinvite-staging/indoinvite-staging/nikah/upload/produk/1705988555sampul_produk.jpg]
[media.indoinvite.com/2db3bf1e16cd47a08843bb881e39cce7_indoinvite-staging/indoinvite-staging/indoinvite-staging/nikah/upload/produk/1699628208sampul_produk.jpg]
[media.indoinvite.com/2db3bf1e16cd47a08843bb881e39cce7_indoinvite-staging/indoinvite-staging/indoinvite-staging/nikah/upload/produk/1705985710sampul_produk.jpg]
[media.indoinvite.com/2db3bf1e16cd47a08843bb881e39cce7_indoinvite-staging/indoinvite-staging/indoinvite-staging/nikah/upload/post/1698384559sampul_produk.jpg]
[media.indoinvite.com/2db3bf1e16cd47a08843bb881e39cce7_indoinvite-staging/indoinvite-staging/indoinvite-staging/nikah/upload/produk/1705988938sampul_produk.jpg]
[media.indoinvite.com/2db3bf1e16cd47a08843bb881e39cce7_indoinvite-staging/indoinvite-staging/indoinvite-staging/nikah/post/1677409099sampul_produk.jpg]
[media.indoinvite.com/2db3bf1e16cd47a08843bb881e39cce7_indoinvite-staging/indoinvite-staging/indoinvite-staging/nikah/post/1677074288sampul_produk.jpg]
[media.indoinvite.com/2db3bf1e16cd47a08843bb881e39cce7_indoinvite-staging/indoinvite-staging/indoinvite-staging/nikah/post/1677378530sampul_produk.jpg]
[media.indoinvite.com/2db3bf1e16cd47a08843bb881e39cce7_indoinvite-staging/indoinvite-staging/indoinvite-staging/nikah/upload/produk/1705986426sampul_produk.jpg]
[media.indoinvite.com/2db3bf1e16cd47a08843bb881e39cce7_indoinvite-staging/indoinvite-staging/indoinvite-staging/nikah/post/1677378616sampul_produk.jpg]
[media.indoinvite.com/2db3bf1e16cd47a08843bb881e39cce7_indoinvite-staging/indoinvite-staging/indoinvite-staging/nikah/post/1677400049sampul_produk.jpg]
[media.indoinvite.com/2db3bf1e16cd47a08843bb881e39cce7_indoinvite-staging/indoinvite-staging/indoinvite-staging/nikah/upload/produk/1699628384sampul_produk.jpg]
[media.indoinvite.com/2db3bf1e16cd47a08843bb881e39cce7_indoinvite-staging/indoinvite-staging/indoinvite-staging/nikah/upload/produk/1705987332sampul_produk.jpg]
[media.indoinvite.com/2db3bf1e16cd47a08843bb881e39cce7_indoinvite-staging/indoinvite-staging/indoinvite-staging/nikah/upload/produk/1699628370sampul_produk.jpg]
[www.xendit.co/wp-content/uploads/2020/03/XENDIT-LOGOArtboard-1@2x.png]
[indoinvite.com/nikah/bank/pin.png]
[indoinvite.com/gifts/25.png]
[indoinvite.com/gifts/34.png]
[indoinvite.com/gifts/39.png]
[indoinvite.com/gifts/49.png]
[indoinvite.com/gifts/68.png]
[indoinvite.com/gifts/92.gif]
[indoinvite.com/gifts/105.gif]
[indoinvite.com/gifts/159.gif]
[indoinvite.com/gifts/198.gif]
[indoinvite.com/gifts/256.gif]
[indoinvite.com/gifts/345.gif]
[indoinvite.com/gifts/432.gif]
[indoinvite.com/gifts/558.gif]
[indoinvite.com/gifts/718.gif]
[indoinvite.com/gifts/839.gif]
[indoinvite.com/nikah/template/customs/customs-minang/CMN-IC.png]
[indoinvite.com/nikah/template/customs/customs-minang/CMN-Bwh.png]
[indoinvite.com/nikah/template/simple/simple-minang/SM-Mandala.jpg]
[indoinvite.com/gift-icon.png]
[media.indoinvite.com/2db3bf1e16cd47a08843bb881e39cce7_indoinvite-staging/indoinvite-staging/indoinvite-staging/nikah/upload/lp/1745772421.png]
[indoinvite.com/nikah/js/jquery.min.js]
[indoinvite.com/nikah/js/jquery.easing.1.3.js]
[indoinvite.com/nikah/js/bootstrap.min.js]
[indoinvite.com/nikah/js/jquery.waypoints.min.js]
[indoinvite.com/nikah/js/owl.carousel.min.js]
[indoinvite.com/nikah/js/jquery.countTo.js]
[indoinvite.com/js/pica.min.js]
[indoinvite.com/js/cropper.js]
[indoinvite.com/js/iframe_api.js]
[indoinvite.com/js/soundcloud_api.js]
[indoinvite.com/js/Sortable.min.js]
[indoinvite.com/splide/js/splide.min.js]
[indoinvite.com/nikah/js/jquery.stellar.min.js]
[indoinvite.com/nikah/js/jquery.magnific-popup.min.js]
[indoinvite.com/nikah/js/magnific-popup-options.js]
[indoinvite.com/nikah/js/simplyCountdown.js]
[indoinvite.com/nikah/js/main.js]
[indoinvite.com/js/anime.min.js]
[indoinvite.com/js/aos.js]
[indoinvite.com/snow/PureSnow.js]
[indoinvite.com/js/particles.js]
[indoinvite.com/js/lg-zoom.umd.min.js]
[indoinvite.com/justified-galery/jquery.justifiedGallery.min.js]
[indoinvite.com/js/lg-thumbnail.umd.min.js]
[indoinvite.com/nikah/template/elegan-nature/js/gsap/minified/gsap.min.js]
[indoinvite.com/nikah/template/elegan-nature/js/gsap/minified/ScrollTrigger.min.js]
[indoinvite.com/nikah/template/elegan-nature/js/gsap/minified/Flip.min.js]
[indoinvite.com/nikah/js/animations0ff5.js]
[indoinvite.com/warning.png]
[indoinvite.com/s/1369801/undangan/indexbcb8.html]
[www.googletagmanager.com/gtm5445.html]
[indoinvite.com/images/loading.gif]
[indoinvite.com/css/lightgallery.min.css]
[indoinvite.com/css/lg-zoom.min.css]
[indoinvite.com/justified-galery/justifiedGallery.min.css]
[indoinvite.com/css/lg-thumbnail.min.css]
[indoinvite.com/nikah/css/animate.css]
[indoinvite.com/nikah/css/icomoon.css]
[indoinvite.com/nikah/css/bootstrap.css]
[indoinvite.com/nikah/css/magnific-popup.css]
[indoinvite.com/nikah/css/owl.video.play.png]
[indoinvite.com/nikah/css/owl.carousel.min.css]
[indoinvite.com/nikah/css/owl.theme.default.min.css]
[indoinvite.com/nikah/images/loader.gif]
[indoinvite.com/nikah/css/stylef700.css]
[indoinvite.com/splide/css/splide.min.css]
[indoinvite.com/splide/css/splide-core.min.css]
[indoinvite.com/nikah/template/elegan-nature/css/animationsf700.css]
[indoinvite.com/css/cropper.min.css]
[indoinvite.com/css/aos.css]
[indoinvite.com/css/template7b883.css]
[indoinvite.com/tailwind.css]
[indoinvite.com/css/tailwind.min.css]
[media.indoinvite.com/2db3bf1e16cd47a08843bb881e39cce7_indoinvite-staging/indoinvite-staging/indoinvite-staging/nikah/upload/produk/1699627968sampul_produk.jpg]
[indoinvite.com/nikah/template/customs/customs-minang/CMN-Bwh.html]
[indoinvite.com/images/loading.html]
[indoinvite.com/nikah/css/owl.video.play.html]
